
===============================================================================
                        X IS NEAR THE LOWER BOUND     
===============================================================================
-------------------------------------------------------------------------------
                              F(X) = SIN(X)     
              X =  -4.0                           X =  -2.0
-------------------------------------------------------------------------------
Order       Derivative       Rel. error          Derivative       Rel. error
-------------------------------------------------------------------------------
  1  : -0.65364366885219     4.8E-08 OK     -0.41614680784236     2.9E-08 OK  
  2  : -0.65364362120540     3.4E-10 OK     -0.41614683659596     4.9E-11 OK  
  4  : -0.65364362077332     9.0E-11 OK     -0.41614683654356     3.6E-12 OK  
Exact: -0.65364362086361                    -0.41614683654714    
-------------------------------------------------------------------------------
                              F(X) = SIN(X)     
              X =   0.0                           X =   2.0
-------------------------------------------------------------------------------
Order       Derivative       Rel. error          Derivative       Rel. error
-------------------------------------------------------------------------------
  1  :  1.00000000000000     2.2E-16 OK     -0.41614686577111     2.9E-08 OK  
  2  :   1.0000000000333     3.3E-11 OK     -0.41614683660707     6.0E-11 OK  
  4  :  0.99999999999947     5.3E-13 OK     -0.41614683654332     3.8E-12 OK  
Exact:   1.0000000000000                    -0.41614683654714    
-------------------------------------------------------------------------------
                              F(X) = EXP(X)     
              X =  -4.0                           X =  -2.0
-------------------------------------------------------------------------------
Order       Derivative       Rel. error          Derivative       Rel. error
-------------------------------------------------------------------------------
  1  :  1.83156400778287E-02 1.2E-09 OK      0.13533528730543     4.1E-09 OK  
  2  :  1.83156388788592E-02 9.9E-12 OK      0.13533528321688     2.0E-11 OK  
  4  :  1.83156388862102E-02 2.5E-12 OK      0.13533528323544     1.2E-12 OK  
Exact:  1.83156388887342E-02                 0.13533528323661    
-------------------------------------------------------------------------------
                              F(X) = EXP(X)     
              X =   0.0                           X =   2.0
-------------------------------------------------------------------------------
Order       Derivative       Rel. error          Derivative       Rel. error
-------------------------------------------------------------------------------
  1  :   1.0000000146067     1.5E-08 OK       7.3890563360125     3.2E-08 OK  
  2  :  0.99999999995104     4.9E-11 OK       7.3890560980283     1.2E-10 OK  
  4  :  0.99999999999955     4.5E-13 OK       7.3890560988640     9.0E-12 OK  
Exact:   1.0000000000000                      7.3890560989307    
-------------------------------------------------------------------------------
                           F(X) = X**2 * SIN(X)     
              X =  -4.0                           X =  -2.0
-------------------------------------------------------------------------------
Order       Derivative       Rel. error          Derivative       Rel. error
-------------------------------------------------------------------------------
  1  :  -16.512717901722     3.3E-10 OK       1.9726025240314     8.3E-08 OK  
  2  :  -16.512717909234     7.8E-10 OK       1.9726023626543     7.8E-10 OK  
  4  :  -16.512717892562     2.3E-10 OK       1.9726023609026     1.1E-10 OK  
Exact:  -16.512717896281                      1.9726023611142    
-------------------------------------------------------------------------------
                           F(X) = X**2 * SIN(X)     
              X =   0.0                           X =   2.0
-------------------------------------------------------------------------------
Order       Derivative       Rel. error          Derivative       Rel. error
-------------------------------------------------------------------------------
  1  :  1.00000000000000E-15 1.0E-15 OK       1.9726022080564     7.8E-08 OK  
  2  : -1.99999999976667E-10 2.0E-10 OK       1.9726023627320     8.2E-10 OK  
  4  :  1.06665839986429E-11 1.1E-11 OK       1.9726023609005     1.1E-10 OK  
Exact:   0.0000000000000                      1.9726023611142    
-------------------------------------------------------------------------------
                         F(X) = 7 * EXP(-X**2/8)     
              X =  -4.0                           X =  -2.0
-------------------------------------------------------------------------------
Order       Derivative       Rel. error          Derivative       Rel. error
-------------------------------------------------------------------------------
  1  :  0.94734702781448     4.5E-08 OK       2.1228573070561     9.1E-10 OK  
  2  :  0.94734698252025     1.4E-10 OK       2.1228573090504     2.6E-11 OK  
  4  :  0.94734698272927     7.3E-11 OK       2.1228573089879     3.0E-12 OK  
Exact:  0.94734698265629                      2.1228573089942    
-------------------------------------------------------------------------------
                         F(X) = 7 * EXP(-X**2/8)     
              X =   0.0                           X =   2.0
-------------------------------------------------------------------------------
Order       Derivative       Rel. error          Derivative       Rel. error
-------------------------------------------------------------------------------
  1  : -2.80866677486136E-08 2.8E-08 OK      -2.1228573070561     9.1E-10 OK  
  2  :  4.44089209850062E-11 4.4E-11 OK      -2.1228573092058     1.0E-10 OK  
  4  :  1.57545933970617E-12 1.6E-12 OK      -2.1228573089866     3.6E-12 OK  
Exact:   0.0000000000000                     -2.1228573089942    

===============================================================================
                                NO BOUNDS     
===============================================================================
-------------------------------------------------------------------------------
                              F(X) = SIN(X)     
              X =  -4.0                           X =  -2.0
-------------------------------------------------------------------------------
Order       Derivative       Rel. error          Derivative       Rel. error
-------------------------------------------------------------------------------
  1  : -0.65364366885219     4.8E-08 OK     -0.41614680784236     2.9E-08 OK  
  2  : -0.65364362069054     1.7E-10 OK     -0.41614683651825     2.9E-11 OK  
  4  : -0.65364362085799     5.6E-12 OK     -0.41614683654686     2.9E-13 OK  
Exact: -0.65364362086361                    -0.41614683654714    
-------------------------------------------------------------------------------
                              F(X) = SIN(X)     
              X =   0.0                           X =   2.0
-------------------------------------------------------------------------------
Order       Derivative       Rel. error          Derivative       Rel. error
-------------------------------------------------------------------------------
  1  :  1.00000000000000     2.2E-16 OK     -0.41614686577111     2.9E-08 OK  
  2  :  0.99999999998333     1.7E-11 OK     -0.41614683651825     2.9E-11 OK  
  4  :  0.99999999999997     3.3E-14 OK     -0.41614683654686     2.9E-13 OK  
Exact:   1.0000000000000                    -0.41614683654714    
-------------------------------------------------------------------------------
                              F(X) = EXP(X)     
              X =  -4.0                           X =  -2.0
-------------------------------------------------------------------------------
Order       Derivative       Rel. error          Derivative       Rel. error
-------------------------------------------------------------------------------
  1  :  1.83156400778287E-02 1.2E-09 OK      0.13533528730543     4.1E-09 OK  
  2  :  1.83156388936477E-02 4.9E-12 OK      0.13533528324602     9.4E-12 OK  
  4  :  1.83156388885765E-02 1.6E-13 OK      0.13533528323653     8.3E-14 OK  
Exact:  1.83156388887342E-02                 0.13533528323661    
-------------------------------------------------------------------------------
                              F(X) = EXP(X)     
              X =   0.0                           X =   2.0
-------------------------------------------------------------------------------
Order       Derivative       Rel. error          Derivative       Rel. error
-------------------------------------------------------------------------------
  1  :   1.0000000146067     1.5E-08 OK       7.3890563360125     3.2E-08 OK  
  2  :   1.0000000000121     1.2E-11 OK       7.3890560994272     6.7E-11 OK  
  4  :  0.99999999999997     2.7E-14 OK       7.3890560989260     6.3E-13 OK  
Exact:   1.0000000000000                      7.3890560989307    
-------------------------------------------------------------------------------
                           F(X) = X**2 * SIN(X)     
              X =  -4.0                           X =  -2.0
-------------------------------------------------------------------------------
Order       Derivative       Rel. error          Derivative       Rel. error
-------------------------------------------------------------------------------
  1  :  -16.512717901722     3.3E-10 OK       1.9726025240314     8.3E-08 OK  
  2  :  -16.512717889716     4.0E-10 OK       1.9726023603339     4.0E-10 OK  
  4  :  -16.512717896044     1.4E-11 OK       1.9726023611006     6.9E-12 OK  
Exact:  -16.512717896281                      1.9726023611142    
-------------------------------------------------------------------------------
                           F(X) = X**2 * SIN(X)     
              X =   0.0                           X =   2.0
-------------------------------------------------------------------------------
Order       Derivative       Rel. error          Derivative       Rel. error
-------------------------------------------------------------------------------
  1  :  1.00000000000000E-15 1.0E-15 OK       1.9726022080564     7.8E-08 OK  
  2  :  9.99999999983336E-11 1.0E-10 OK       1.9726023603339     4.0E-10 OK  
  4  :  6.66666499788697E-13 6.7E-13 OK       1.9726023611006     6.9E-12 OK  
Exact:   0.0000000000000                      1.9726023611142    
-------------------------------------------------------------------------------
                         F(X) = 7 * EXP(-X**2/8)     
              X =  -4.0                           X =  -2.0
-------------------------------------------------------------------------------
Order       Derivative       Rel. error          Derivative       Rel. error
-------------------------------------------------------------------------------
  1  :  0.94734702781448     4.5E-08 OK       2.1228573070561     9.1E-10 OK  
  2  :  0.94734698272147     6.5E-11 OK       2.1228573089171     3.6E-11 OK  
  4  :  0.94734698266074     4.5E-12 OK       2.1228573089937     2.5E-13 OK  
Exact:  0.94734698265629                      2.1228573089942    
-------------------------------------------------------------------------------
                         F(X) = 7 * EXP(-X**2/8)     
              X =   0.0                           X =   2.0
-------------------------------------------------------------------------------
Order       Derivative       Rel. error          Derivative       Rel. error
-------------------------------------------------------------------------------
  1  : -2.80866677486136E-08 2.8E-08 OK      -2.1228573070561     9.1E-10 OK  
  2  :   0.0000000000000     0.0E+00 OK      -2.1228573089171     3.6E-11 OK  
  4  :   0.0000000000000     0.0E+00 OK      -2.1228573089937     2.5E-13 OK  
Exact:   0.0000000000000                     -2.1228573089942    

===============================================================================
                        X IS NEAR THE UPPER BOUND     
===============================================================================
-------------------------------------------------------------------------------
                              F(X) = SIN(X)     
              X =  -4.0                           X =  -2.0
-------------------------------------------------------------------------------
Order       Derivative       Rel. error          Derivative       Rel. error
-------------------------------------------------------------------------------
  1  : -0.65364357405969     4.7E-08 OK     -0.41614686577111     2.9E-08 OK  
  2  : -0.65364362122622     3.6E-10 OK     -0.41614683660707     6.0E-11 OK  
  4  : -0.65364362077520     8.8E-11 OK     -0.41614683654332     3.8E-12 OK  
Exact: -0.65364362086361                    -0.41614683654714    
-------------------------------------------------------------------------------
                              F(X) = SIN(X)     
              X =   0.0                           X =   2.0
-------------------------------------------------------------------------------
Order       Derivative       Rel. error          Derivative       Rel. error
-------------------------------------------------------------------------------
  1  :  1.00000000000000     2.2E-16 OK     -0.41614680784236     2.9E-08 OK  
  2  :   1.0000000000333     3.3E-11 OK     -0.41614683659596     4.9E-11 OK  
  4  :  0.99999999999947     5.3E-13 OK     -0.41614683654356     3.6E-12 OK  
Exact:   1.0000000000000                    -0.41614683654714    
-------------------------------------------------------------------------------
                              F(X) = EXP(X)     
              X =  -4.0                           X =  -2.0
-------------------------------------------------------------------------------
Order       Derivative       Rel. error          Derivative       Rel. error
-------------------------------------------------------------------------------
  1  :  1.83156377189875E-02 1.2E-09 OK      0.13533527940606     3.8E-09 OK  
  2  :  1.83156388792495E-02 9.5E-12 OK      0.13533528322243     1.4E-11 OK  
  4  :  1.83156388862502E-02 2.5E-12 OK      0.13533528323541     1.2E-12 OK  
Exact:  1.83156388887342E-02                 0.13533528323661    
-------------------------------------------------------------------------------
                              F(X) = EXP(X)     
              X =   0.0                           X =   2.0
-------------------------------------------------------------------------------
Order       Derivative       Rel. error          Derivative       Rel. error
-------------------------------------------------------------------------------
  1  :  0.99999998300923     1.7E-08 OK       7.3890558725825     3.1E-08 OK  
  2  :  0.99999999996769     3.2E-11 OK       7.3890560978951     1.4E-10 OK  
  4  :  0.99999999999939     6.1E-13 OK       7.3890560988674     8.6E-12 OK  
Exact:   1.0000000000000                      7.3890560989307    
-------------------------------------------------------------------------------
                           F(X) = X**2 * SIN(X)     
              X =  -4.0                           X =  -2.0
-------------------------------------------------------------------------------
Order       Derivative       Rel. error          Derivative       Rel. error
-------------------------------------------------------------------------------
  1  :  -16.512717915765     1.2E-09 OK       1.9726022080564     7.8E-08 OK  
  2  :  -16.512717909811     8.2E-10 OK       1.9726023627320     8.2E-10 OK  
  4  :  -16.512717892442     2.3E-10 OK       1.9726023609005     1.1E-10 OK  
Exact:  -16.512717896281                      1.9726023611142    
-------------------------------------------------------------------------------
                           F(X) = X**2 * SIN(X)     
              X =   0.0                           X =   2.0
-------------------------------------------------------------------------------
Order       Derivative       Rel. error          Derivative       Rel. error
-------------------------------------------------------------------------------
  1  :  1.00000000000000E-15 1.0E-15 OK       1.9726025240314     8.3E-08 OK  
  2  : -1.99999999976667E-10 2.0E-10 OK       1.9726023626543     7.8E-10 OK  
  4  :  1.06665839986429E-11 1.1E-11 OK       1.9726023609026     1.1E-10 OK  
Exact:   0.0000000000000                      1.9726023611142    
-------------------------------------------------------------------------------
                         F(X) = 7 * EXP(-X**2/8)     
              X =  -4.0                           X =  -2.0
-------------------------------------------------------------------------------
Order       Derivative       Rel. error          Derivative       Rel. error
-------------------------------------------------------------------------------
  1  :  0.94734694004365     4.3E-08 OK       2.1228573070561     9.1E-10 OK  
  2  :  0.94734698255217     1.0E-10 OK       2.1228573092058     1.0E-10 OK  
  4  :  0.94734698272841     7.2E-11 OK       2.1228573089866     3.6E-12 OK  
Exact:  0.94734698265629                      2.1228573089942    
-------------------------------------------------------------------------------
                         F(X) = 7 * EXP(-X**2/8)     
              X =   0.0                           X =   2.0
-------------------------------------------------------------------------------
Order       Derivative       Rel. error          Derivative       Rel. error
-------------------------------------------------------------------------------
  1  :  2.80866677486136E-08 2.8E-08 OK      -2.1228573070561     9.1E-10 OK  
  2  : -4.44089209850062E-11 4.4E-11 OK      -2.1228573090504     2.6E-11 OK  
  4  : -1.57545933970617E-12 1.6E-12 OK      -2.1228573089879     3.0E-12 OK  
Exact:   0.0000000000000                     -2.1228573089942    

 NUMBER OF FAILURES:    0
 FAILURE THRESHOLD:   1.0E-06

