
===============================================================================
                   VARIABLE X1 IS NEAR THE LOWER BOUND     
                   VARIABLE X2 IS NEAR THE LOWER BOUND     
===============================================================================
-------------------------------------------------------------------------------
                F(X) = X1**2*SIN(X2) + EXP(X1)*COS(X2)**2     
              X1 =  -1.0                           X2 =   1.0
-------------------------------------------------------------------------------
Order       H(1,1)              H(2,1)              H(2,2)      Max. rel. error
-------------------------------------------------------------------------------
 F1  :   1.79033676773      -1.41510247964     -0.535279598424     9.9E-06 OK  
 F2  :   1.79033571568      -1.41511647533     -0.535287254063     2.4E-08 OK  
 G1  :   1.79033575781      -1.41511641960     -0.535287240897     1.5E-08 OK  
 G2  :   1.79033575736      -1.41511644102     -0.535287253473     2.9E-11 OK  
Exact:   1.79033575736      -1.41511644098     -0.535287253459    

===============================================================================
                   VARIABLE X1 IS NEAR THE LOWER BOUND     
                         NO BOUNDS ON VARIABLE X2     
===============================================================================
-------------------------------------------------------------------------------
                F(X) = X1**2*SIN(X2) + EXP(X1)*COS(X2)**2     
              X1 =  -1.0                           X2 =   1.0
-------------------------------------------------------------------------------
Order       H(1,1)              H(2,1)              H(2,2)      Max. rel. error
-------------------------------------------------------------------------------
 F1  :   1.79033676773      -1.41510247964     -0.535279598424     9.9E-06 OK  
 F2  :   1.79033571568      -1.41511642179     -0.535287250552     2.3E-08 OK  
 G1  :   1.79033575781      -1.41511641960     -0.535287240897     1.5E-08 OK  
 G2  :   1.79033575736      -1.41511644095     -0.535287253468     1.8E-11 OK  
Exact:   1.79033575736      -1.41511644098     -0.535287253459    

===============================================================================
                   VARIABLE X1 IS NEAR THE LOWER BOUND     
                   VARIABLE X2 IS NEAR THE UPPER BOUND     
===============================================================================
-------------------------------------------------------------------------------
                F(X) = X1**2*SIN(X2) + EXP(X1)*COS(X2)**2     
              X1 =  -1.0                           X2 =   1.0
-------------------------------------------------------------------------------
Order       H(1,1)              H(2,1)              H(2,2)      Max. rel. error
-------------------------------------------------------------------------------
 F1  :   1.79033676773      -1.41512246365     -0.535295141546     7.9E-06 OK  
 F2  :   1.79033571568      -1.41511644110     -0.535287243530     2.3E-08 OK  
 G1  :   1.79033575781      -1.41511645119     -0.535287266351     1.3E-08 OK  
 G2  :   1.79033575736      -1.41511644101     -0.535287253434     2.6E-11 OK  
Exact:   1.79033575736      -1.41511644098     -0.535287253459    

===============================================================================
                         NO BOUNDS ON VARIABLE X1     
                   VARIABLE X2 IS NEAR THE LOWER BOUND     
===============================================================================
-------------------------------------------------------------------------------
                F(X) = X1**2*SIN(X2) + EXP(X1)*COS(X2)**2     
              X1 =  -1.0                           X2 =   1.0
-------------------------------------------------------------------------------
Order       H(1,1)              H(2,1)              H(2,2)      Max. rel. error
-------------------------------------------------------------------------------
 F1  :   1.79033676773      -1.41510247964     -0.535279598424     9.9E-06 OK  
 F2  :   1.79033576483      -1.41511646919     -0.535287254063     2.0E-08 OK  
 G1  :   1.79033575781      -1.41511641960     -0.535287240897     1.5E-08 OK  
 G2  :   1.79033575737      -1.41511644103     -0.535287253473     3.6E-11 OK  
Exact:   1.79033575736      -1.41511644098     -0.535287253459    

===============================================================================
                         NO BOUNDS ON VARIABLE X1     
                         NO BOUNDS ON VARIABLE X2     
===============================================================================
-------------------------------------------------------------------------------
                F(X) = X1**2*SIN(X2) + EXP(X1)*COS(X2)**2     
              X1 =  -1.0                           X2 =   1.0
-------------------------------------------------------------------------------
Order       H(1,1)              H(2,1)              H(2,2)      Max. rel. error
-------------------------------------------------------------------------------
 F1  :   1.79033676773      -1.41510247964     -0.535279598424     9.9E-06 OK  
 F2  :   1.79033576483      -1.41511642969     -0.535287250552     8.0E-09 OK  
 G1  :   1.79033575781      -1.41511641960     -0.535287240897     1.5E-08 OK  
 G2  :   1.79033575737      -1.41511644096     -0.535287253468     1.1E-11 OK  
Exact:   1.79033575736      -1.41511644098     -0.535287253459    

===============================================================================
                         NO BOUNDS ON VARIABLE X1     
                   VARIABLE X2 IS NEAR THE UPPER BOUND     
===============================================================================
-------------------------------------------------------------------------------
                F(X) = X1**2*SIN(X2) + EXP(X1)*COS(X2)**2     
              X1 =  -1.0                           X2 =   1.0
-------------------------------------------------------------------------------
Order       H(1,1)              H(2,1)              H(2,2)      Max. rel. error
-------------------------------------------------------------------------------
 F1  :   1.79033676773      -1.41512246365     -0.535295141546     7.9E-06 OK  
 F2  :   1.79033576483      -1.41511646568     -0.535287243530     1.7E-08 OK  
 G1  :   1.79033575781      -1.41511645119     -0.535287266351     1.3E-08 OK  
 G2  :   1.79033575737      -1.41511644102     -0.535287253434     3.2E-11 OK  
Exact:   1.79033575736      -1.41511644098     -0.535287253459    

===============================================================================
                   VARIABLE X1 IS NEAR THE UPPER BOUND     
                   VARIABLE X2 IS NEAR THE LOWER BOUND     
===============================================================================
-------------------------------------------------------------------------------
                F(X) = X1**2*SIN(X2) + EXP(X1)*COS(X2)**2     
              X1 =  -1.0                           X2 =   1.0
-------------------------------------------------------------------------------
Order       H(1,1)              H(2,1)              H(2,2)      Max. rel. error
-------------------------------------------------------------------------------
 F1  :   1.79033121661      -1.41510914098     -0.535279598424     7.7E-06 OK  
 F2  :   1.79033574026      -1.41511645163     -0.535287254063     9.6E-09 OK  
 G1  :   1.79033575781      -1.41511643013     -0.535287240897     1.3E-08 OK  
 G2  :   1.79033575739      -1.41511644102     -0.535287253473     3.2E-11 OK  
Exact:   1.79033575736      -1.41511644098     -0.535287253459    

===============================================================================
                   VARIABLE X1 IS NEAR THE UPPER BOUND     
                         NO BOUNDS ON VARIABLE X2     
===============================================================================
-------------------------------------------------------------------------------
                F(X) = X1**2*SIN(X2) + EXP(X1)*COS(X2)**2     
              X1 =  -1.0                           X2 =   1.0
-------------------------------------------------------------------------------
Order       H(1,1)              H(2,1)              H(2,2)      Max. rel. error
-------------------------------------------------------------------------------
 F1  :   1.79033121661      -1.41510914098     -0.535279598424     7.7E-06 OK  
 F2  :   1.79033574026      -1.41511642618     -0.535287250552     1.0E-08 OK  
 G1  :   1.79033575781      -1.41511643013     -0.535287240897     1.3E-08 OK  
 G2  :   1.79033575739      -1.41511644095     -0.535287253468     1.5E-11 OK  
Exact:   1.79033575736      -1.41511644098     -0.535287253459    

===============================================================================
                   VARIABLE X1 IS NEAR THE UPPER BOUND     
                   VARIABLE X2 IS NEAR THE UPPER BOUND     
===============================================================================
-------------------------------------------------------------------------------
                F(X) = X1**2*SIN(X2) + EXP(X1)*COS(X2)**2     
              X1 =  -1.0                           X2 =   1.0
-------------------------------------------------------------------------------
Order       H(1,1)              H(2,1)              H(2,2)      Max. rel. error
-------------------------------------------------------------------------------
 F1  :   1.79033121661      -1.41513023522     -0.535295141546     9.7E-06 OK  
 F2  :   1.79033574026      -1.41511647709     -0.535287243530     2.6E-08 OK  
 G1  :   1.79033575781      -1.41511646173     -0.535287266351     1.5E-08 OK  
 G2  :   1.79033575739      -1.41511644102     -0.535287253434     2.8E-11 OK  
Exact:   1.79033575736      -1.41511644098     -0.535287253459    

 NUMBER OF FAILURES:    0
 FAILURE THRESHOLD:   1.0E-04

