
===============================================================================
                        X IS NEAR THE LOWER BOUND     
===============================================================================
-------------------------------------------------------------------------------
                   F1=SIN(X)   F2=EXP(X)   F3=X*COS(X)     
                                  X =  -4.0
-------------------------------------------------------------------------------
Order        J(1,1)              J(2,1)             J(3,1)      Max. rel. error
-------------------------------------------------------------------------------
  1  : -0.653643668852      1.831564007783E-02   2.37356610059     1.1E-07 OK  
  2  : -0.653643621203      1.831563887886E-02   2.37356636090     3.4E-10 OK  
Exact: -0.653643620864      1.831563888873E-02   2.37356636037    
-------------------------------------------------------------------------------
                   F1=SIN(X)   F2=EXP(X)   F3=X*COS(X)     
                                  X =  -2.0
-------------------------------------------------------------------------------
Order        J(1,1)              J(2,1)             J(3,1)      Max. rel. error
-------------------------------------------------------------------------------
  1  : -0.416146807842      0.135335287305      -2.23474166097     2.9E-08 OK  
  2  : -0.416146836602      0.135335283217      -2.23474169059     1.7E-10 OK  
Exact: -0.416146836547      0.135335283237      -2.23474169020    
-------------------------------------------------------------------------------
                   F1=SIN(X)   F2=EXP(X)   F3=X*COS(X)     
                                  X =   0.0
-------------------------------------------------------------------------------
Order        J(1,1)              J(2,1)             J(3,1)      Max. rel. error
-------------------------------------------------------------------------------
  1  :  1.000000000000       1.00000001461      1.000000000000     1.5E-08 OK  
  2  :   1.00000000003      0.999999999951       1.00000000010     1.0E-10 OK  
Exact:   1.00000000000       1.00000000000       1.00000000000    
-------------------------------------------------------------------------------
                   F1=SIN(X)   F2=EXP(X)   F3=X*COS(X)     
                                  X =   2.0
-------------------------------------------------------------------------------
Order        J(1,1)              J(2,1)             J(3,1)      Max. rel. error
-------------------------------------------------------------------------------
  1  : -0.416146865771       7.38905633601      -2.23474172241     3.2E-08 OK  
  2  : -0.416146836602       7.38905609807      -2.23474169065     2.0E-10 OK  
Exact: -0.416146836547       7.38905609893      -2.23474169020    
-------------------------------------------------------------------------------
                   F1=SIN(X)   F2=EXP(X)   F3=X*COS(X)     
                                  X =   4.0
-------------------------------------------------------------------------------
Order        J(1,1)              J(2,1)             J(3,1)      Max. rel. error
-------------------------------------------------------------------------------
  1  : -0.653643574060       54.5981535500       2.37356662370     1.1E-07 OK  
  2  : -0.653643621229       54.5981500051       2.37356636099     5.1E-10 OK  
Exact: -0.653643620864       54.5981500331       2.37356636037    

===============================================================================
                                NO BOUNDS     
===============================================================================
-------------------------------------------------------------------------------
                   F1=SIN(X)   F2=EXP(X)   F3=X*COS(X)     
                                  X =  -4.0
-------------------------------------------------------------------------------
Order        J(1,1)              J(2,1)             J(3,1)      Max. rel. error
-------------------------------------------------------------------------------
  1  : -0.653643668852      1.831564007783E-02   2.37356610059     1.1E-07 OK  
  2  : -0.653643620691      1.831563889365E-02   2.37356636009     1.7E-10 OK  
Exact: -0.653643620864      1.831563888873E-02   2.37356636037    
-------------------------------------------------------------------------------
                   F1=SIN(X)   F2=EXP(X)   F3=X*COS(X)     
                                  X =  -2.0
-------------------------------------------------------------------------------
Order        J(1,1)              J(2,1)             J(3,1)      Max. rel. error
-------------------------------------------------------------------------------
  1  : -0.416146807842      0.135335287305      -2.23474166097     2.9E-08 OK  
  2  : -0.416146836518      0.135335283246      -2.23474169000     9.0E-11 OK  
Exact: -0.416146836547      0.135335283237      -2.23474169020    
-------------------------------------------------------------------------------
                   F1=SIN(X)   F2=EXP(X)   F3=X*COS(X)     
                                  X =   0.0
-------------------------------------------------------------------------------
Order        J(1,1)              J(2,1)             J(3,1)      Max. rel. error
-------------------------------------------------------------------------------
  1  :  1.000000000000       1.00000001461      1.000000000000     1.5E-08 OK  
  2  :  0.999999999983       1.00000000001      0.999999999950     5.0E-11 OK  
Exact:   1.00000000000       1.00000000000       1.00000000000    
-------------------------------------------------------------------------------
                   F1=SIN(X)   F2=EXP(X)   F3=X*COS(X)     
                                  X =   2.0
-------------------------------------------------------------------------------
Order        J(1,1)              J(2,1)             J(3,1)      Max. rel. error
-------------------------------------------------------------------------------
  1  : -0.416146865771       7.38905633601      -2.23474172241     3.2E-08 OK  
  2  : -0.416146836518       7.38905609943      -2.23474169000     9.0E-11 OK  
Exact: -0.416146836547       7.38905609893      -2.23474169020    
-------------------------------------------------------------------------------
                   F1=SIN(X)   F2=EXP(X)   F3=X*COS(X)     
                                  X =   4.0
-------------------------------------------------------------------------------
Order        J(1,1)              J(2,1)             J(3,1)      Max. rel. error
-------------------------------------------------------------------------------
  1  : -0.653643574060       54.5981535500       2.37356662370     1.1E-07 OK  
  2  : -0.653643620691       54.5981500477       2.37356636009     2.7E-10 OK  
Exact: -0.653643620864       54.5981500331       2.37356636037    

===============================================================================
                        X IS NEAR THE UPPER BOUND     
===============================================================================
-------------------------------------------------------------------------------
                   F1=SIN(X)   F2=EXP(X)   F3=X*COS(X)     
                                  X =  -4.0
-------------------------------------------------------------------------------
Order        J(1,1)              J(2,1)             J(3,1)      Max. rel. error
-------------------------------------------------------------------------------
  1  : -0.653643574060      1.831563771899E-02   2.37356662370     1.1E-07 OK  
  2  : -0.653643621229      1.831563887925E-02   2.37356636099     3.7E-10 OK  
Exact: -0.653643620864      1.831563888873E-02   2.37356636037    
-------------------------------------------------------------------------------
                   F1=SIN(X)   F2=EXP(X)   F3=X*COS(X)     
                                  X =  -2.0
-------------------------------------------------------------------------------
Order        J(1,1)              J(2,1)             J(3,1)      Max. rel. error
-------------------------------------------------------------------------------
  1  : -0.416146865771      0.135335279406      -2.23474172241     2.9E-08 OK  
  2  : -0.416146836602      0.135335283222      -2.23474169065     2.0E-10 OK  
Exact: -0.416146836547      0.135335283237      -2.23474169020    
-------------------------------------------------------------------------------
                   F1=SIN(X)   F2=EXP(X)   F3=X*COS(X)     
                                  X =   0.0
-------------------------------------------------------------------------------
Order        J(1,1)              J(2,1)             J(3,1)      Max. rel. error
-------------------------------------------------------------------------------
  1  :  1.000000000000      0.999999983009      1.000000000000     1.7E-08 OK  
  2  :   1.00000000003      0.999999999968       1.00000000010     1.0E-10 OK  
Exact:   1.00000000000       1.00000000000       1.00000000000    
-------------------------------------------------------------------------------
                   F1=SIN(X)   F2=EXP(X)   F3=X*COS(X)     
                                  X =   2.0
-------------------------------------------------------------------------------
Order        J(1,1)              J(2,1)             J(3,1)      Max. rel. error
-------------------------------------------------------------------------------
  1  : -0.416146807842       7.38905587258      -2.23474166097     3.1E-08 OK  
  2  : -0.416146836602       7.38905609785      -2.23474169059     1.7E-10 OK  
Exact: -0.416146836547       7.38905609893      -2.23474169020    
-------------------------------------------------------------------------------
                   F1=SIN(X)   F2=EXP(X)   F3=X*COS(X)     
                                  X =   4.0
-------------------------------------------------------------------------------
Order        J(1,1)              J(2,1)             J(3,1)      Max. rel. error
-------------------------------------------------------------------------------
  1  : -0.653643668852       54.5981465845       2.37356610059     1.1E-07 OK  
  2  : -0.653643621203       54.5981500032       2.37356636090     5.5E-10 OK  
Exact: -0.653643620864       54.5981500331       2.37356636037    

 NUMBER OF FAILURES:    0
 FAILURE THRESHOLD:   1.0E-06

